// Jest Snapshot v1, https://goo.gl/fbAQLP

exports[`Artist component renders home correctly 1`] = `undefined`;
